// Jest Snapshot v1, https://goo.gl/fbAQLP

exports[`renders Weather Forecast Tiles  1`] = `
Object {
  "asFragment": [Function],
  "baseElement": <body>
    <div>
      <div
        class="weather-tile"
      >
        <p
          class="city"
        >
          New York
        </p>
        <p
          class="weather-state"
        >
          Clear
        </p>
        <img
          alt="weather-icon"
          class="weather-icon"
          src="https://www.metaweather.com/static/img/weather/C.svg"
        />
        <p
          class="current-temp"
        >
          12
          °
        </p>
        <p
          class="temp"
        >
          H:
          13
          °
          <span
            class="min-temp"
          >
            L:
            6
            °
          </span>
        </p>
      </div>
    </div>
  </body>,
  "container": <div>
    <div
      class="weather-tile"
    >
      <p
        class="city"
      >
        New York
      </p>
      <p
        class="weather-state"
      >
        Clear
      </p>
      <img
        alt="weather-icon"
        class="weather-icon"
        src="https://www.metaweather.com/static/img/weather/C.svg"
      />
      <p
        class="current-temp"
      >
        12
        °
      </p>
      <p
        class="temp"
      >
        H:
        13
        °
        <span
          class="min-temp"
        >
          L:
          6
          °
        </span>
      </p>
    </div>
  </div>,
  "debug": [Function],
  "findAllByAltText": [Function],
  "findAllByDisplayValue": [Function],
  "findAllByLabelText": [Function],
  "findAllByPlaceholderText": [Function],
  "findAllByRole": [Function],
  "findAllByTestId": [Function],
  "findAllByText": [Function],
  "findAllByTitle": [Function],
  "findByAltText": [Function],
  "findByDisplayValue": [Function],
  "findByLabelText": [Function],
  "findByPlaceholderText": [Function],
  "findByRole": [Function],
  "findByTestId": [Function],
  "findByText": [Function],
  "findByTitle": [Function],
  "getAllByAltText": [Function],
  "getAllByDisplayValue": [Function],
  "getAllByLabelText": [Function],
  "getAllByPlaceholderText": [Function],
  "getAllByRole": [Function],
  "getAllByTestId": [Function],
  "getAllByText": [Function],
  "getAllByTitle": [Function],
  "getByAltText": [Function],
  "getByDisplayValue": [Function],
  "getByLabelText": [Function],
  "getByPlaceholderText": [Function],
  "getByRole": [Function],
  "getByTestId": [Function],
  "getByText": [Function],
  "getByTitle": [Function],
  "queryAllByAltText": [Function],
  "queryAllByDisplayValue": [Function],
  "queryAllByLabelText": [Function],
  "queryAllByPlaceholderText": [Function],
  "queryAllByRole": [Function],
  "queryAllByTestId": [Function],
  "queryAllByText": [Function],
  "queryAllByTitle": [Function],
  "queryByAltText": [Function],
  "queryByDisplayValue": [Function],
  "queryByLabelText": [Function],
  "queryByPlaceholderText": [Function],
  "queryByRole": [Function],
  "queryByTestId": [Function],
  "queryByText": [Function],
  "queryByTitle": [Function],
  "rerender": [Function],
  "unmount": [Function],
}
`;
